This is XeTeX, Version 3.141592653-2.6-0.999997 (MiKTeX 25.4) (preloaded format=xelatex 2025.6.1)  21 JUL 2025 11:38
entering extended mode
 restricted \write18 enabled.
 %&-line parsing enabled.
**./main_report.tex
(main_report.tex
LaTeX2e <2024-11-01> patch level 2
L3 programming layer <2025-04-29>
(C:\Users\sepri\AppData\Local\Programs\MiKTeX\tex/latex/base\report.cls
Document Class: report 2024/06/29 v1.4n Standard LaTeX document class
(C:\Users\sepri\AppData\Local\Programs\MiKTeX\tex/latex/base\fleqn.clo
File: fleqn.clo 2016/12/29 v1.2b Standard LaTeX option (flush left equations)
\mathindent=\skip49
Applying: [2015/01/01] Make \[ robust on input line 50.
LaTeX Info: Redefining \[ on input line 51.
Already applied: [0000/00/00] Make \[ robust on input line 62.
Applying: [2015/01/01] Make \] robust on input line 74.
LaTeX Info: Redefining \] on input line 75.
Already applied: [0000/00/00] Make \] robust on input line 83.
)
(C:\Users\sepri\AppData\Local\Programs\MiKTeX\tex/latex/base\size10.clo
File: size10.clo 2024/06/29 v1.4n Standard LaTeX file (size option)
)
\c@part=\count268
\c@chapter=\count269
\c@section=\count270
\c@subsection=\count271
\c@subsubsection=\count272
\c@paragraph=\count273
\c@subparagraph=\count274
\c@figure=\count275
\c@table=\count276
\abovecaptionskip=\skip50
\belowcaptionskip=\skip51
\bibindent=\dimen146
)
(preamble.tex
(C:\Users\sepri\AppData\Local\Programs\MiKTeX\tex/latex/amscls\amsthm.sty
Package: amsthm 2020/05/29 v2.20.6
\thm@style=\toks17
\thm@bodyfont=\toks18
\thm@headfont=\toks19
\thm@notefont=\toks20
\thm@headpunct=\toks21
\thm@preskip=\skip52
\thm@postskip=\skip53
\thm@headsep=\skip54
\dth@everypar=\toks22
)
(C:\Users\sepri\AppData\Local\Programs\MiKTeX\tex/latex/amsfonts\amssymb.sty
Package: amssymb 2013/01/14 v3.01 AMS font symbols

(C:\Users\sepri\AppData\Local\Programs\MiKTeX\tex/latex/amsfonts\amsfonts.sty
Package: amsfonts 2013/01/14 v3.01 Basic AMSFonts support
\@emptytoks=\toks23
\symAMSa=\mathgroup4
\symAMSb=\mathgroup5
LaTeX Font Info:    Redeclaring math symbol \hbar on input line 98.
LaTeX Font Info:    Overwriting math alphabet `\mathfrak' in version `bold'
(Font)                  U/euf/m/n --> U/euf/b/n on input line 106.
)) (C:\Users\sepri\AppData\Local\Programs\MiKTeX\tex/latex/amsmath\amsmath.sty
Package: amsmath 2024/11/05 v2.17t AMS math features
\@mathmargin=\skip55

For additional information on amsmath, use the `?' option.
(C:\Users\sepri\AppData\Local\Programs\MiKTeX\tex/latex/amsmath\amstext.sty
Package: amstext 2021/08/26 v2.01 AMS text

(C:\Users\sepri\AppData\Local\Programs\MiKTeX\tex/latex/amsmath\amsgen.sty
File: amsgen.sty 1999/11/30 v2.0 generic functions
\@emptytoks=\toks24
\ex@=\dimen147
))
(C:\Users\sepri\AppData\Local\Programs\MiKTeX\tex/latex/amsmath\amsbsy.sty
Package: amsbsy 1999/11/29 v1.2d Bold Symbols
\pmbraise@=\dimen148
)
(C:\Users\sepri\AppData\Local\Programs\MiKTeX\tex/latex/amsmath\amsopn.sty
Package: amsopn 2022/04/08 v2.04 operator names
)
\inf@bad=\count277
LaTeX Info: Redefining \frac on input line 233.
\uproot@=\count278
\leftroot@=\count279
LaTeX Info: Redefining \overline on input line 398.
LaTeX Info: Redefining \colon on input line 409.
\classnum@=\count280
\DOTSCASE@=\count281
LaTeX Info: Redefining \ldots on input line 495.
LaTeX Info: Redefining \dots on input line 498.
LaTeX Info: Redefining \cdots on input line 619.
\Mathstrutbox@=\box53
\strutbox@=\box54
LaTeX Info: Redefining \big on input line 721.
LaTeX Info: Redefining \Big on input line 722.
LaTeX Info: Redefining \bigg on input line 723.
LaTeX Info: Redefining \Bigg on input line 724.
\big@size=\dimen149
LaTeX Font Info:    Redeclaring font encoding OML on input line 742.
LaTeX Font Info:    Redeclaring font encoding OMS on input line 743.
\macc@depth=\count282
LaTeX Info: Redefining \bmod on input line 904.
LaTeX Info: Redefining \pmod on input line 909.
LaTeX Info: Redefining \smash on input line 939.
LaTeX Info: Redefining \relbar on input line 969.
LaTeX Info: Redefining \Relbar on input line 970.
\c@MaxMatrixCols=\count283
\dotsspace@=\muskip17
\c@parentequation=\count284
\dspbrk@lvl=\count285
\tag@help=\toks25
\row@=\count286
\column@=\count287
\maxfields@=\count288
\andhelp@=\toks26
\eqnshift@=\dimen150
\alignsep@=\dimen151
\tagshift@=\dimen152
\tagwidth@=\dimen153
\totwidth@=\dimen154
\lineht@=\dimen155
\@envbody=\toks27
\multlinegap=\skip56
\multlinetaggap=\skip57
\mathdisplay@stack=\toks28
LaTeX Info: Redefining \[ on input line 2953.
LaTeX Info: Redefining \] on input line 2954.
)
(C:\Users\sepri\AppData\Local\Programs\MiKTeX\tex/latex/epsf\epsf.sty
This is `epsf.tex' v2.7.4 <14 February 2011>
\epsffilein=\read2
\epsfframemargin=\dimen156
\epsfframethickness=\dimen157
\epsfrsize=\dimen158
\epsftmp=\dimen159
\epsftsize=\dimen160
\epsfxsize=\dimen161
\epsfysize=\dimen162
\pspoints=\dimen163
) (C:\Users\sepri\AppData\Local\Programs\MiKTeX\tex/latex/graphics\graphicx.sty
Package: graphicx 2021/09/16 v1.2d Enhanced LaTeX Graphics (DPC,SPQR)
(C:\Users\sepri\AppData\Local\Programs\MiKTeX\tex/latex/graphics\keyval.sty
Package: keyval 2022/05/29 v1.15 key=value parser (DPC)
\KV@toks@=\toks29
)
(C:\Users\sepri\AppData\Local\Programs\MiKTeX\tex/latex/graphics\graphics.sty
Package: graphics 2024/08/06 v1.4g Standard LaTeX Graphics (DPC,SPQR)

(C:\Users\sepri\AppData\Local\Programs\MiKTeX\tex/latex/graphics\trig.sty
Package: trig 2023/12/02 v1.11 sin cos tan (DPC)
)
(C:\Users\sepri\AppData\Local\Programs\MiKTeX\tex/latex/graphics-cfg\graphics.c
fg
File: graphics.cfg 2016/06/04 v1.11 sample graphics configuration
)
Package graphics Info: Driver file: xetex.def on input line 106.

(C:\Users\sepri\AppData\Local\Programs\MiKTeX\tex/latex/graphics-def\xetex.def
File: xetex.def 2022/09/22 v5.0n Graphics/color driver for xetex
))
\Gin@req@height=\dimen164
\Gin@req@width=\dimen165
)
(C:\Users\sepri\AppData\Local\Programs\MiKTeX\tex/latex/geometry\geometry.sty
Package: geometry 2020/01/02 v5.9 Page Geometry

(C:\Users\sepri\AppData\Local\Programs\MiKTeX\tex/generic/iftex\ifvtex.sty
Package: ifvtex 2019/10/25 v1.7 ifvtex legacy package. Use iftex instead.

(C:\Users\sepri\AppData\Local\Programs\MiKTeX\tex/generic/iftex\iftex.sty
Package: iftex 2024/12/12 v1.0g TeX engine tests
))
\Gm@cnth=\count289
\Gm@cntv=\count290
\c@Gm@tempcnt=\count291
\Gm@bindingoffset=\dimen166
\Gm@wd@mp=\dimen167
\Gm@odd@mp=\dimen168
\Gm@even@mp=\dimen169
\Gm@layoutwidth=\dimen170
\Gm@layoutheight=\dimen171
\Gm@layouthoffset=\dimen172
\Gm@layoutvoffset=\dimen173
\Gm@dimlist=\toks30

(C:\Users\sepri\AppData\Local\Programs\MiKTeX\tex/latex/geometry\geometry.cfg))
(C:\Users\sepri\AppData\Local\Programs\MiKTeX\tex/latex/titlesec\titlesec.sty
Package: titlesec 2025/01/04 v2.17 Sectioning titles
\ttl@box=\box55
\beforetitleunit=\skip58
\aftertitleunit=\skip59
\ttl@plus=\dimen174
\ttl@minus=\dimen175
\ttl@toksa=\toks31
\titlewidth=\dimen176
\titlewidthlast=\dimen177
\titlewidthfirst=\dimen178
)
(C:\Users\sepri\AppData\Local\Programs\MiKTeX\tex/latex/setspace\setspace.sty
Package: setspace 2022/12/04 v6.7b set line spacing
)
(C:\Users\sepri\AppData\Local\Programs\MiKTeX\tex/latex/footmisc\footmisc.sty
Package: footmisc 2025/05/09 v7.0b a miscellany of footnote facilities

(C:\Users\sepri\AppData\Local\Programs\MiKTeX\tex/latex/footmisc\footmisc-2022-
02-14.sty
Package: footmisc 2024/12/24 v6.0g a miscellany of footnote facilities
\FN@temptoken=\toks32
\footnotemargin=\dimen179
\@outputbox@depth=\dimen180
Package footmisc Info: Declaring symbol style bringhurst on input line 699.
Package footmisc Info: Declaring symbol style chicago on input line 707.
Package footmisc Info: Declaring symbol style wiley on input line 716.
Package footmisc Info: Declaring symbol style lamport-robust on input line 727.

Package footmisc Info: Declaring symbol style lamport* on input line 747.
Package footmisc Info: Declaring symbol style lamport*-robust on input line 768
.
))
(C:\Users\sepri\AppData\Local\Programs\MiKTeX\tex/latex/xcolor\xcolor.sty
Package: xcolor 2024/09/29 v3.02 LaTeX color extensions (UK)

(C:\Users\sepri\AppData\Local\Programs\MiKTeX\tex/latex/graphics-cfg\color.cfg
File: color.cfg 2016/01/02 v1.6 sample color configuration
)
Package xcolor Info: Driver file: xetex.def on input line 274.
(C:\Users\sepri\AppData\Local\Programs\MiKTeX\tex/latex/graphics\mathcolor.ltx)
Package xcolor Info: Model `cmy' substituted by `cmy0' on input line 1349.
Package xcolor Info: Model `RGB' extended on input line 1365.
Package xcolor Info: Model `HTML' substituted by `rgb' on input line 1367.
Package xcolor Info: Model `Hsb' substituted by `hsb' on input line 1368.
Package xcolor Info: Model `tHsb' substituted by `hsb' on input line 1369.
Package xcolor Info: Model `HSB' substituted by `hsb' on input line 1370.
Package xcolor Info: Model `Gray' substituted by `gray' on input line 1371.
Package xcolor Info: Model `wave' substituted by `hsb' on input line 1372.
) (C:\Users\sepri\AppData\Local\Programs\MiKTeX\tex/latex/colortbl\colortbl.sty
Package: colortbl 2024/10/29 v1.0k Color table columns (DPC)
(C:\Users\sepri\AppData\Local\Programs\MiKTeX\tex/latex/tools\array.sty
Package: array 2024/10/17 v2.6g Tabular extension package (FMi)
\col@sep=\dimen181
\ar@mcellbox=\box56
\extrarowheight=\dimen182
\NC@list=\toks33
\extratabsurround=\skip60
\backup@length=\skip61
\ar@cellbox=\box57
)
\everycr=\toks34
\minrowclearance=\skip62
\rownum=\count292
)
(C:\Users\sepri\AppData\Local\Programs\MiKTeX\tex/latex/caption\caption.sty
Package: caption 2023/08/05 v3.6o Customizing captions (AR)

(C:\Users\sepri\AppData\Local\Programs\MiKTeX\tex/latex/caption\caption3.sty
Package: caption3 2023/07/31 v2.4d caption3 kernel (AR)
\caption@tempdima=\dimen183
\captionmargin=\dimen184
\caption@leftmargin=\dimen185
\caption@rightmargin=\dimen186
\caption@width=\dimen187
\caption@indent=\dimen188
\caption@parindent=\dimen189
\caption@hangindent=\dimen190
Package caption Info: Standard document class detected.
)
\c@caption@flags=\count293
\c@continuedfloat=\count294
)
(C:\Users\sepri\AppData\Local\Programs\MiKTeX\tex/latex/adjustbox\adjustbox.sty
Package: adjustbox 2025/02/26 v1.3c Adjusting TeX boxes (trim, clip, ...)
(C:\Users\sepri\AppData\Local\Programs\MiKTeX\tex/latex/xkeyval\xkeyval.sty
Package: xkeyval 2022/06/16 v2.9 package option processing (HA)

(C:\Users\sepri\AppData\Local\Programs\MiKTeX\tex/generic/xkeyval\xkeyval.tex
(C:\Users\sepri\AppData\Local\Programs\MiKTeX\tex/generic/xkeyval\xkvutils.tex
\XKV@toks=\toks35
\XKV@tempa@toks=\toks36
)
\XKV@depth=\count295
File: xkeyval.tex 2014/12/03 v2.7a key=value parser (HA)
))
(C:\Users\sepri\AppData\Local\Programs\MiKTeX\tex/latex/adjustbox\adjcalc.sty
Package: adjcalc 2012/05/16 v1.1 Provides advanced setlength with multiple back
-ends (calc, etex, pgfmath)
)
(C:\Users\sepri\AppData\Local\Programs\MiKTeX\tex/latex/adjustbox\trimclip.sty
Package: trimclip 2025/02/21 v1.2a Trim and clip general TeX material

(C:\Users\sepri\AppData\Local\Programs\MiKTeX\tex/latex/collectbox\collectbox.s
ty
Package: collectbox 2022/10/17 v0.4c Collect macro arguments as boxes
\collectedbox=\box58
)
\tc@llx=\dimen191
\tc@lly=\dimen192
\tc@urx=\dimen193
\tc@ury=\dimen194
Package trimclip Info: Using driver 'tc-xetex.def'.

(C:\Users\sepri\AppData\Local\Programs\MiKTeX\tex/latex/adjustbox\tc-xetex.def
File: tc-xetex.def 2019/01/04 v2.2 Clipping driver for xetex
))
\adjbox@Width=\dimen195
\adjbox@Height=\dimen196
\adjbox@Depth=\dimen197
\adjbox@Totalheight=\dimen198
\adjbox@pwidth=\dimen199
\adjbox@pheight=\dimen256
\adjbox@pdepth=\dimen257
\adjbox@ptotalheight=\dimen258

(C:\Users\sepri\AppData\Local\Programs\MiKTeX\tex/latex/ifoddpage\ifoddpage.sty
Package: ifoddpage 2022/10/18 v1.2 Conditionals for odd/even page detection
\c@checkoddpage=\count296
) (C:\Users\sepri\AppData\Local\Programs\MiKTeX\tex/latex/varwidth\varwidth.sty
Package: varwidth 2009/03/30 ver 0.92;  Variable-width minipages
\@vwid@box=\box59
\sift@deathcycles=\count297
\@vwid@loff=\dimen259
\@vwid@roff=\dimen260
))
(C:\Users\sepri\AppData\Local\Programs\MiKTeX\tex/latex/zref\zref-perpage.sty
Package: zref-perpage 2023-09-14 v2.35 Module perpage for zref (HO)

(C:\Users\sepri\AppData\Local\Programs\MiKTeX\tex/latex/zref\zref-base.sty
Package: zref-base 2023-09-14 v2.35 Module base for zref (HO)

(C:\Users\sepri\AppData\Local\Programs\MiKTeX\tex/generic/ltxcmds\ltxcmds.sty
Package: ltxcmds 2023-12-04 v1.26 LaTeX kernel commands for general use (HO)
)
(C:\Users\sepri\AppData\Local\Programs\MiKTeX\tex/generic/infwarerr\infwarerr.s
ty
Package: infwarerr 2019/12/03 v1.5 Providing info/warning/error messages (HO)
)
(C:\Users\sepri\AppData\Local\Programs\MiKTeX\tex/latex/kvsetkeys\kvsetkeys.sty
Package: kvsetkeys 2022-10-05 v1.19 Key value parser (HO)
)
(C:\Users\sepri\AppData\Local\Programs\MiKTeX\tex/generic/kvdefinekeys\kvdefine
keys.sty
Package: kvdefinekeys 2019-12-19 v1.6 Define keys (HO)
)
(C:\Users\sepri\AppData\Local\Programs\MiKTeX\tex/generic/pdftexcmds\pdftexcmds
.sty
Package: pdftexcmds 2020-06-27 v0.33 Utility functions of pdfTeX for LuaTeX (HO
)
Package pdftexcmds Info: \pdf@primitive is available.
Package pdftexcmds Info: \pdf@ifprimitive is available.
Package pdftexcmds Info: \pdfdraftmode not found.
)
(C:\Users\sepri\AppData\Local\Programs\MiKTeX\tex/generic/etexcmds\etexcmds.sty
Package: etexcmds 2019/12/15 v1.7 Avoid name clashes with e-TeX commands (HO)
) (C:\Users\sepri\AppData\Local\Programs\MiKTeX\tex/latex/auxhook\auxhook.sty
Package: auxhook 2019-12-17 v1.6 Hooks for auxiliary files (HO)
)
Package zref Info: New property list: main on input line 767.
Package zref Info: New property: default on input line 768.
Package zref Info: New property: page on input line 769.
) (C:\Users\sepri\AppData\Local\Programs\MiKTeX\tex/latex/zref\zref-abspage.sty
Package: zref-abspage 2023-09-14 v2.35 Module abspage for zref (HO)
\c@abspage=\count298
Package zref Info: New property: abspage on input line 67.
)
Package zref Info: New property: pagevalue on input line 57.
Package zref Info: New property list: perpage on input line 58.
\c@zpage=\count299
\c@zref@unique=\count300
)
(C:\Users\sepri\AppData\Local\Programs\MiKTeX\tex/xelatex/xepersian\xepersian.s
ty
Package: xepersian 2025/02/02 v25.2.2 (Release Persian Gate) Persian typesettin
g in XeLaTeX

****************************************************
* 
* xepersian package (Persian for LaTeX, using XeTeX engine)
* 
* Description: The package supports Persian
* typesetting, using fonts provided in the
* distribution.
* 
* Copyright (c) 2008--2025 Vafa Khalighi
* Copyright (c) 2018--2020 bidi-tex GitHub Organization
* 
* v25.2.2 (Release Persian Gate), 2025/02/02
* 
* License: LaTeX Project Public License, version
* 1.3c or higher (your choice)
* 
* Location on CTAN: /macros/xetex/latex/xepersian
* 
* Issue tracker: https://github.com/xepersian/xepersian/issues
* 
* Discussions: https://github.com/xepersian/xepersian/discussions
* 
* Primary author of xepersian package: Vafa Khalighi.
* 
****************************************************
(C:\Users\sepri\AppData\Local\Programs\MiKTeX\tex/latex/fontspec\fontspec.sty
(C:\Users\sepri\AppData\Local\Programs\MiKTeX\tex/latex/l3packages/xparse\xpars
e.sty
(C:\Users\sepri\AppData\Local\Programs\MiKTeX\tex/latex/l3kernel\expl3.sty
Package: expl3 2025-04-29 L3 programming layer (loader) 

(C:\Users\sepri\AppData\Local\Programs\MiKTeX\tex/latex/l3backend\l3backend-xet
ex.def
File: l3backend-xetex.def 2025-04-14 L3 backend support: XeTeX
\g__graphics_track_int=\count301
\g__pdfannot_backend_int=\count302
\g__pdfannot_backend_link_int=\count303
))
Package: xparse 2024-08-16 L3 Experimental document command parser
)
Package: fontspec 2024/05/11 v2.9e Font selection for XeLaTeX and LuaLaTeX

(C:\Users\sepri\AppData\Local\Programs\MiKTeX\tex/latex/fontspec\fontspec-xetex
.sty
Package: fontspec-xetex 2024/05/11 v2.9e Font selection for XeLaTeX and LuaLaTe
X
\l__fontspec_script_int=\count304
\l__fontspec_language_int=\count305
\l__fontspec_strnum_int=\count306
\l__fontspec_tmp_int=\count307
\l__fontspec_tmpa_int=\count308
\l__fontspec_tmpb_int=\count309
\l__fontspec_tmpc_int=\count310
\l__fontspec_em_int=\count311
\l__fontspec_emdef_int=\count312
\l__fontspec_strong_int=\count313
\l__fontspec_strongdef_int=\count314
\l__fontspec_tmpa_dim=\dimen261
\l__fontspec_tmpb_dim=\dimen262
\l__fontspec_tmpc_dim=\dimen263
 (C:\Users\sepri\AppData\Local\Programs\MiKTeX\tex/latex/base\fontenc.sty
Package: fontenc 2021/04/29 v2.0v Standard LaTeX package
)
(C:\Users\sepri\AppData\Local\Programs\MiKTeX\tex/latex/fontspec\fontspec.cfg))
)
(C:\Users\sepri\AppData\Local\Programs\MiKTeX\tex/xelatex/xepersian\xepersian-p
ersiancal.sty
Package: xepersian-persiancal 2025/01/01 v0.3 provides Persian calendar
\XePersian@i=\count315
\XePersian@y=\count316
\XePersian@m=\count317
\XePersian@d=\count318
\XePersian@latini=\count319
\XePersian@persiani=\count320
\XePersian@latinii=\count321
\XePersian@persianii=\count322
\XePersian@latiniii=\count323
\XePersian@persianiii=\count324
\XePersian@latiniv=\count325
\XePersian@persianiv=\count326
\XePersian@latinv=\count327
\XePersian@persianv=\count328
\XePersian@latinvi=\count329
\XePersian@persianvi=\count330
\XePersian@latinvii=\count331
\XePersian@persianvii=\count332
\XePersian@latinviii=\count333
\XePersian@persianviii=\count334
\XePersian@latinix=\count335
\XePersian@persianix=\count336
\XePersian@latinx=\count337
\XePersian@persianx=\count338
\XePersian@latinxi=\count339
\XePersian@persianxi=\count340
\XePersian@latinxii=\count341
\XePersian@persianxii=\count342
\XePersian@persianxiii=\count343
\XePersian@temp=\count344
\XePersian@temptwo=\count345
\XePersian@tempthree=\count346
\XePersian@yModHundred=\count347
\XePersian@thirtytwo=\count348
\XePersian@dn=\count349
\XePersian@sn=\count350
\XePersian@mminusone=\count351
)
(C:\Users\sepri\AppData\Local\Programs\MiKTeX\tex/xelatex/xepersian\unicode-per
sianmath.sty
Package: unicode-persianmath 2025/02/02 v1.2.3 Unicode Persian math
)
(C:\Users\sepri\AppData\Local\Programs\MiKTeX\tex/xelatex/bidi\bidi.sty
Package: bidi 2025/02/02 v25.2.2 (Release Maryam Mirzakhani) Bidirectional type
setting in plain TeX and LaTeX

****************************************************
* 
* bidi package (Bidirectional typesetting in
* plain TeX and LaTeX, using XeTeX engine)
* 
* Description: A convenient interface for
* typesetting bidirectional texts in plain TeX
* and LaTeX. The package includes adaptations
* for use with many other commonly-used packages.
* 
* Copyright (c) 2007--2025 Vafa Khalighi
* Copyright (c) 2018--2020 bidi-tex GitHub organization
* 
* v25.2.2 (Release Maryam Mirzakhani), 2025/02/02
* 
* License: LaTeX Project Public License, version
* 1.3c or higher (your choice)
* 
* Location on CTAN: /macros/xetex/latex/bidi
* 
* Issue tracker: https://github.com/xepersian/bidi/issues
* 
* Discussions: https://github.com/xepersian/bidi/discussions
* 
* Primary author of bidi package: Vafa Khalighi.
* 
****************************************************
(C:\Users\sepri\AppData\Local\Programs\MiKTeX\tex/xelatex/bidi\biditools.sty
Package: biditools 2025/02/02 v2.7 Programming tools for bidi package
\@bidi@envbody=\toks37
\@bidi@emptytoks=\toks38
\bidi@poscount=\count352
\bidi@tempcountb=\count353
\bidi@temptoksa=\toks39
\bidi@temptoksb=\toks40
\bidi@dummies=\count354
\bidi@are@these@correct=\toks41
\bidi@toks@lista=\toks42
\bidi@toks@listb=\toks43
\bidi@stack@length=\count355
\bidi@empty@stack=\toks44
\bidi@looprepeat@depth=\count356
)
\@bidi@copyins@=\insert252
\bidi@typesethour=\count357
\bidi@typesetminute=\count358

(C:\Users\sepri\AppData\Local\Programs\MiKTeX\tex/xelatex/bidi\latex-xetex-bidi
.def
File: latex-xetex-bidi.def 2025/01/03 v1.5.2 bidi adaptations for `latex.ltx' f
or XeTeX engine
\bidi@n@everypar=\toks45
LaTeX Info: Redefining \centerline on input line 316.
LaTeX Info: Redefining \leftline on input line 325.
LaTeX Info: Redefining \rightline on input line 326.
LaTeX Info: Redefining \underline on input line 334.
\bidi@column@check@number=\count359

(C:\Users\sepri\AppData\Local\Programs\MiKTeX\tex/xelatex/bidi\footnote-xetex-b
idi.def
File: footnote-xetex-bidi.def 2024/12/14 v1.3 bidi footnote macros for XeTeX en
gine
\c@footdir@label=\count360
\footdir@toks=\toks46
)
(C:\Users\sepri\AppData\Local\Programs\MiKTeX\tex/xelatex/bidi\amsmath-xetex-bi
di.def
File: amsmath-xetex-bidi.def 2020/05/16 v1.2 bidi adaptations for amsmath packa
ge for XeTeX engine
)
(C:\Users\sepri\AppData\Local\Programs\MiKTeX\tex/xelatex/bidi\amstext-xetex-bi
di.def
File: amstext-xetex-bidi.def 2016/09/12 v0.2 bidi adaptations for amstext packa
ge for XeTeX engine
)
(C:\Users\sepri\AppData\Local\Programs\MiKTeX\tex/xelatex/bidi\amsthm-xetex-bid
i.def
File: amsthm-xetex-bidi.def 2010/07/25 v0.1 bidi adaptations for amsthm package
 for XeTeX engine
)
(C:\Users\sepri\AppData\Local\Programs\MiKTeX\tex/xelatex/bidi\array-xetex-bidi
.def
File: array-xetex-bidi.def 2024/12/10 v0.5 bidi adaptations for array package f
or XeTeX engine
)
(C:\Users\sepri\AppData\Local\Programs\MiKTeX\tex/xelatex/bidi\caption-xetex-bi
di.def
File: caption-xetex-bidi.def 2010/07/25 v0.1 bidi adaptations for caption packa
ge for XeTeX engine
)
(C:\Users\sepri\AppData\Local\Programs\MiKTeX\tex/xelatex/bidi\caption3-xetex-b
idi.def
File: caption3-xetex-bidi.def 2013/04/01 v0.1 bidi adaptations for caption3 pac
kage for XeTeX engine
)
(C:\Users\sepri\AppData\Local\Programs\MiKTeX\tex/xelatex/bidi\color-xetex-bidi
.def
File: color-xetex-bidi.def 2013/04/08 v0.2 bidi adaptations for color package f
or XeTeX engine
LaTeX Info: Redefining \color on input line 49.
)
(C:\Users\sepri\AppData\Local\Programs\MiKTeX\tex/xelatex/bidi\colortbl-xetex-b
idi.def
File: colortbl-xetex-bidi.def 2012/06/10 v0.2 bidi adaptations for colortbl pac
kage for XeTeX engine
)
(C:\Users\sepri\AppData\Local\Programs\MiKTeX\tex/xelatex/bidi\geometry-xetex-b
idi.def
File: geometry-xetex-bidi.def 2017/01/14 v0.2 bidi adaptations for geometry pac
kage for XeTeX engine
)
(C:\Users\sepri\AppData\Local\Programs\MiKTeX\tex/xelatex/bidi\graphicx-xetex-b
idi.def
File: graphicx-xetex-bidi.def 2017/06/17 v0.5 bidi adaptations for graphicx pac
kage for XeTeX engine
)
(C:\Users\sepri\AppData\Local\Programs\MiKTeX\tex/xelatex/bidi\titlesec-xetex-b
idi.def
File: titlesec-xetex-bidi.def 2010/07/25 v0.1 bidi adaptations for titlesec pac
kage for XeTeX engine
)
(C:\Users\sepri\AppData\Local\Programs\MiKTeX\tex/xelatex/bidi\xcolor-xetex-bid
i.def
File: xcolor-xetex-bidi.def 2022/06/13 v0.3 bidi adaptations for xcolor package
 for XeTeX engine
LaTeX Info: Redefining \color on input line 48.
LaTeX Info: Redefining \bidicolor on input line 91.
)
(C:\Users\sepri\AppData\Local\Programs\MiKTeX\tex/xelatex/bidi\tc-xetex-xetex-b
idi.def
File: tc-xetex-xetex-bidi.def 2014/07/08 v0.1 bidi adaptations for Clipping dri
ver for XeTeX engine
))
\bidi@digits=\count361
\bidi@digits@charclass=\XeTeXcharclass1
\bidi@sepmark@charclass=\XeTeXcharclass2
)
\xepersian@tcl=\count362
\xepersian@ilg=\dimen264
\xepersian@strutilg=\dimen265

(C:\Users\sepri\AppData\Local\Programs\MiKTeX\tex/xelatex/xepersian\footnote-xe
tex-bidi-xetex-xepersian.def
File: footnote-xetex-bidi-xetex-xepersian.def 2017/08/09 v0.6 xepersian adaptat
ions for footnotes for XeTeX engine
)
(C:\Users\sepri\AppData\Local\Programs\MiKTeX\tex/xelatex/xepersian\report-xete
x-xepersian.def
File: report-xetex-xepersian.def 2010/07/25 v0.2 xepersian adaptations for repo
rt class for XeTeX engine
)
\xepersian@toks=\toks47
)

Package fontspec Info: 
(fontspec)             Font family 'lmroman10-regular(0)' created for font
(fontspec)             'lmroman10-regular' with options
(fontspec)             [Ligatures=TeX,Path,BoldFont={lmroman10-bold},BoldItalic
Font={lmroman10-bolditalic},ItalicFont={lmroman10-italic},SmallCapsFont={lmroma
ncaps10-regular},SlantedFont={lmromanslant10-regular},BoldSlantedFont={lmromans
lant10-bold}].
(fontspec)              
(fontspec)              This font family consists of the following NFSS
(fontspec)             series/shapes:
(fontspec)              
(fontspec)             - 'normal' (m/n) with NFSS spec.:
(fontspec)             <->"[lmroman10-regular]/OT:script=latn;language=dflt;map
ping=tex-text;"
(fontspec)             - 'small caps'  (m/sc) with NFSS spec.:
(fontspec)             <->"[lmromancaps10-regular]/OT:script=latn;language=dflt
;mapping=tex-text;"
(fontspec)             - 'bold' (b/n) with NFSS spec.:
(fontspec)             <->"[lmroman10-bold]/OT:script=latn;language=dflt;mappin
g=tex-text;"
(fontspec)             - 'bold small caps'  (b/sc) with NFSS spec.:
(fontspec)             <->"[lmromancaps10-regular]/OT:script=latn;language=dflt
;mapping=tex-text;"
(fontspec)             - 'italic' (m/it) with NFSS spec.:
(fontspec)             <->"[lmroman10-italic]/OT:script=latn;language=dflt;mapp
ing=tex-text;"
(fontspec)             - 'italic small caps'  (m/scit) with NFSS spec.:
(fontspec)             <->"[lmromancaps10-regular]/OT:script=latn;language=dflt
;mapping=tex-text;"
(fontspec)             - 'slanted' (m/sl) with NFSS spec.:
(fontspec)             <->"[lmromanslant10-regular]/OT:script=latn;language=dfl
t;mapping=tex-text;"
(fontspec)             - 'slanted small caps'  (m/scsl) with NFSS spec.:
(fontspec)             <->"[lmromancaps10-regular]/OT:script=latn;language=dflt
;mapping=tex-text;"
(fontspec)             - 'bold italic' (b/it) with NFSS spec.:
(fontspec)             <->"[lmroman10-bolditalic]/OT:script=latn;language=dflt;
mapping=tex-text;"
(fontspec)             - 'bold italic small caps'  (b/scit) with NFSS spec.:
(fontspec)             <->"[lmromancaps10-regular]/OT:script=latn;language=dflt
;mapping=tex-text;"
(fontspec)             - 'bold slanted' (b/sl) with NFSS spec.:
(fontspec)             <->"[lmromanslant10-bold]/OT:script=latn;language=dflt;m
apping=tex-text;"
(fontspec)             - 'bold slanted small caps'  (b/scsl) with NFSS spec.:
(fontspec)             <->"[lmromancaps10-regular]/OT:script=latn;language=dflt
;mapping=tex-text;"


Package fontspec Info: 
(fontspec)             Font family 'XBZar(0)' created for font 'XB Zar' with
(fontspec)             options
(fontspec)             [RawFeature={script=arab},Ligatures=PersianTeX].
(fontspec)              
(fontspec)              This font family consists of the following NFSS
(fontspec)             series/shapes:
(fontspec)              
(fontspec)             - 'normal' (m/n) with NFSS spec.: <->"XB
(fontspec)             Zar/OT:script=latn;language=dflt;script=arab;mapping=per
sian-tex-text;"
(fontspec)             - 'bold' (b/n) with NFSS spec.: <->"XB
(fontspec)             Zar/B/OT:script=latn;language=dflt;script=arab;mapping=p
ersian-tex-text;"
(fontspec)             - 'italic' (m/it) with NFSS spec.: <->"XB
(fontspec)             Zar/I/OT:script=latn;language=dflt;script=arab;mapping=p
ersian-tex-text;"
(fontspec)             - 'bold italic' (b/it) with NFSS spec.: <->"XB
(fontspec)             Zar/BI/OT:script=latn;language=dflt;script=arab;mapping=
persian-tex-text;"


(C:\Users\sepri\AppData\Local\Programs\MiKTeX\tex/latex/siunitx\siunitx.sty
Package: siunitx 2025-07-09 v3.4.14 A comprehensive (SI) units package
\l__siunitx_number_uncert_offset_int=\count363
\l__siunitx_number_exponent_fixed_int=\count364
\l__siunitx_number_min_decimal_int=\count365
\l__siunitx_number_min_integer_int=\count366
\l__siunitx_number_round_precision_int=\count367
\l__siunitx_number_lower_threshold_int=\count368
\l__siunitx_number_upper_threshold_int=\count369
\l__siunitx_number_group_first_int=\count370
\l__siunitx_number_group_size_int=\count371
\l__siunitx_number_group_minimum_int=\count372
\l__siunitx_angle_tmp_dim=\dimen266
\l__siunitx_angle_marker_box=\box60
\l__siunitx_angle_unit_box=\box61
\l__siunitx_compound_count_int=\count373

(C:\Users\sepri\AppData\Local\Programs\MiKTeX\tex/latex/translations\translatio
ns.sty
Package: translations 2022/02/05 v1.12 internationalization of LaTeX2e packages
 (CN)

(C:\Users\sepri\AppData\Local\Programs\MiKTeX\tex/latex/etoolbox\etoolbox.sty
Package: etoolbox 2025/02/11 v2.5l e-TeX tools for LaTeX (JAW)
\etb@tempcnta=\count374
))
\l__siunitx_table_tmp_box=\box62
\l__siunitx_table_tmp_dim=\dimen267
\l__siunitx_table_column_width_dim=\dimen268
\l__siunitx_table_integer_box=\box63
\l__siunitx_table_decimal_box=\box64
\l__siunitx_table_uncert_box=\box65
\l__siunitx_table_before_box=\box66
\l__siunitx_table_after_box=\box67
\l__siunitx_table_before_dim=\dimen269
\l__siunitx_table_carry_dim=\dimen270
\l__siunitx_unit_tmp_int=\count375
\l__siunitx_unit_position_int=\count376
\l__siunitx_unit_total_int=\count377
) (C:\Users\sepri\AppData\Local\Programs\MiKTeX\tex/latex/float\float.sty
Package: float 2001/11/08 v1.3d Float enhancements (AL)
\c@float@type=\count378
\float@exts=\toks48
\float@box=\box68
\@float@everytoks=\toks49
\@floatcapt=\box69
)
(C:\Users\sepri\AppData\Local\Programs\MiKTeX\tex/xelatex/bidi\float-xetex-bidi
.def
File: float-xetex-bidi.def 2013/04/04 v0.2 bidi adaptations for float package f
or XeTeX engine
)
(C:\Users\sepri\AppData\Local\Programs\MiKTeX\tex/latex/booktabs\booktabs.sty
Package: booktabs 2020/01/12 v1.61803398 Publication quality tables
\heavyrulewidth=\dimen271
\lightrulewidth=\dimen272
\cmidrulewidth=\dimen273
\belowrulesep=\dimen274
\belowbottomsep=\dimen275
\aboverulesep=\dimen276
\abovetopsep=\dimen277
\cmidrulesep=\dimen278
\cmidrulekern=\dimen279
\defaultaddspace=\dimen280
\@cmidla=\count379
\@cmidlb=\count380
\@aboverulesep=\dimen281
\@belowrulesep=\dimen282
\@thisruleclass=\count381
\@lastruleclass=\count382
\@thisrulewidth=\dimen283
)
(C:\Users\sepri\AppData\Local\Programs\MiKTeX\tex/latex/multirow\multirow.sty
Package: multirow 2024/11/12 v2.9 Span multiple rows of a table
\multirow@colwidth=\skip63
\multirow@cntb=\count383
\multirow@dima=\skip64
\bigstrutjot=\dimen284
)

Package siunitx Info: Option "detect-all" has been deprecated in this release.
(siunitx)             
(siunitx)             Use "mode = match, propagate-math-font = true,
(siunitx)             reset-math-version = false, reset-text-family = false,
(siunitx)             reset-text-series = false, reset-text-shape = false,
(siunitx)             text-family-to-math = true, text-series-to-math = true"
(siunitx)             as a replacement.



Package siunitx Warning: Option "text-rm" has been removed in this release.


Package siunitx Info: Option "scientific-notation = false" has been deprecated
(siunitx)             in this release.
(siunitx)             
(siunitx)             Use "exponent-mode = input" as a replacement.

)
(C:\Users\sepri\AppData\Local\Programs\MiKTeX\tex/xelatex/bidi\report-xetex-bid
i.def
File: report-xetex-bidi.def 2025/02/02 v0.9 bidi adaptations for standard repor
t class for XeTeX engine
)
(C:\Users\sepri\AppData\Local\Programs\MiKTeX\tex/xelatex/bidi\float-xetex-bidi
.def
File: float-xetex-bidi.def 2013/04/04 v0.2 bidi adaptations for float package f
or XeTeX engine
)
Package translations Info: No language package found. I am going to use `englis
h' as default language. on input line 14.
 (main_report.aux (firstpages.aux) (abstract.aux) (chap1.aux) (chap2.aux)
(chap3.aux) (chap4.aux) (chap5.aux) (references.aux))
\openout1 = `main_report.aux'.

LaTeX Font Info:    Checking defaults for OML/cmm/m/it on input line 14.
LaTeX Font Info:    ... okay on input line 14.
LaTeX Font Info:    Checking defaults for OMS/cmsy/m/n on input line 14.
LaTeX Font Info:    ... okay on input line 14.
LaTeX Font Info:    Checking defaults for OT1/cmr/m/n on input line 14.
LaTeX Font Info:    ... okay on input line 14.
LaTeX Font Info:    Checking defaults for T1/cmr/m/n on input line 14.
LaTeX Font Info:    ... okay on input line 14.
LaTeX Font Info:    Checking defaults for TS1/cmr/m/n on input line 14.
LaTeX Font Info:    ... okay on input line 14.
LaTeX Font Info:    Checking defaults for TU/lmr/m/n on input line 14.
LaTeX Font Info:    ... okay on input line 14.
LaTeX Font Info:    Checking defaults for OMX/cmex/m/n on input line 14.
LaTeX Font Info:    ... okay on input line 14.
LaTeX Font Info:    Checking defaults for U/cmr/m/n on input line 14.
LaTeX Font Info:    ... okay on input line 14.

*geometry* driver: auto-detecting
*geometry* detected driver: xetex
*geometry* verbose mode - [ preamble ] result:
* driver: xetex
* paper: a4paper
* layout: <same size as paper>
* layoutoffset:(h,v)=(0.0pt,0.0pt)
* modes: 
* h-part:(L,W,R)=(89.62709pt, 418.25368pt, 89.6271pt)
* v-part:(T,H,B)=(101.40665pt, 591.5302pt, 152.11pt)
* \paperwidth=597.50787pt
* \paperheight=845.04684pt
* \textwidth=418.25368pt
* \textheight=591.5302pt
* \oddsidemargin=17.3571pt
* \evensidemargin=17.3571pt
* \topmargin=-7.86334pt
* \headheight=12.0pt
* \headsep=25.0pt
* \topskip=10.0pt
* \footskip=30.0pt
* \marginparwidth=57.0pt
* \marginparsep=11.0pt
* \columnsep=10.0pt
* \skip\footins=9.0pt plus 4.0pt minus 2.0pt
* \hoffset=0.0pt
* \voffset=0.0pt
* \mag=1000
* \@twocolumnfalse
* \@twosidefalse
* \@mparswitchfalse
* \@reversemarginfalse
* (1in=72.27pt=25.4mm, 1cm=28.453pt)

Package caption Info: Begin \AtBeginDocument code.
Package caption Info: float package is loaded.
Package caption Info: End \AtBeginDocument code.

(C:\Users\sepri\AppData\Local\Programs\MiKTeX\tex/latex/translations/dicts\tran
slations-basic-dictionary-english.trsl
File: translations-basic-dictionary-english.trsl (english translation file `tra
nslations-basic-dictionary')
)
Package translations Info: loading dictionary `translations-basic-dictionary' f
or `english'. on input line 14.


[1

]
\openout2 = `firstpages.aux'.

 (firstpages.tex
File: besm.jpg Graphic file (type bmp)
<besm.jpg>


[2


]
*geometry* verbose mode - [ newgeometry ] result:
* driver: xetex
* paper: a4paper
* layout: <same size as paper>
* layoutoffset:(h,v)=(0.0pt,0.0pt)
* modes: 
* h-part:(L,W,R)=(85.35826pt, 426.79135pt, 85.35826pt)
* v-part:(T,H,B)=(56.9055pt, 686.7347pt, 101.40665pt)
* \paperwidth=597.50787pt
* \paperheight=845.04684pt
* \textwidth=426.79135pt
* \textheight=686.7347pt
* \oddsidemargin=13.08827pt
* \evensidemargin=13.08827pt
* \topmargin=-52.36449pt
* \headheight=12.0pt
* \headsep=25.0pt
* \topskip=10.0pt
* \footskip=30.0pt
* \marginparwidth=57.0pt
* \marginparsep=11.0pt
* \columnsep=10.0pt
* \skip\footins=9.0pt plus 4.0pt minus 2.0pt
* \hoffset=0.0pt
* \voffset=0.0pt
* \mag=1000
* \@twocolumnfalse
* \@twosidefalse
* \@mparswitchfalse
* \@reversemarginfalse
* (1in=72.27pt=25.4mm, 1cm=28.453pt)

File: iut_logo.png Graphic file (type bmp)
<iut_logo.png>


[3

]
Underfull \hbox (badness 10000) in paragraph at lines 75--76
[][]
 []



[4

]
*geometry* verbose mode - [ newgeometry ] result:
* driver: xetex
* paper: a4paper
* layout: <same size as paper>
* layoutoffset:(h,v)=(0.0pt,0.0pt)
* modes: 
* h-part:(L,W,R)=(71.13188pt, 441.01773pt, 85.35826pt)
* v-part:(T,H,B)=(85.35826pt, 688.5567pt, 71.13188pt)
* \paperwidth=597.50787pt
* \paperheight=845.04684pt
* \textwidth=441.01773pt
* \textheight=688.5567pt
* \oddsidemargin=-1.1381pt
* \evensidemargin=-1.1381pt
* \topmargin=-27.36447pt
* \headheight=12.0pt
* \headsep=28.45274pt
* \topskip=10.0pt
* \footskip=30.0pt
* \marginparwidth=57.0pt
* \marginparsep=11.0pt
* \columnsep=10.0pt
* \skip\footins=14.22636pt
* \hoffset=0.0pt
* \voffset=0.0pt
* \mag=1000
* \@twocolumnfalse
* \@twosidefalse
* \@mparswitchfalse
* \@reversemarginfalse
* (1in=72.27pt=25.4mm, 1cm=28.453pt)

 (main_report.toc
LaTeX Font Info:    Trying to load font information for U+msa on input line 1.

(C:\Users\sepri\AppData\Local\Programs\MiKTeX\tex/latex/amsfonts\umsa.fd
File: umsa.fd 2013/01/14 v3.01 AMS symbols A
)
LaTeX Font Info:    Trying to load font information for U+msb on input line 1.

(C:\Users\sepri\AppData\Local\Programs\MiKTeX\tex/latex/amsfonts\umsb.fd
File: umsb.fd 2013/01/14 v3.01 AMS symbols B
)
Overfull \hbox (3.36716pt too wide) detected at line 4
 [][][]\TU/XBZar(0)/m/n/10 هشت[][][]
 []


Overfull \hbox (29.9857pt too wide) detected at line 7
\TU/XBZar(0)/b/n/10 اول: مقدمه 
 []


Overfull \hbox (66.50752pt too wide) detected at line 12
\TU/XBZar(0)/b/n/10 دوم: پیش‌زمینه نظری 
 []



[5



]
Overfull \hbox (0.43747pt too wide) detected at line 48
\TU/XBZar(0)/m/n/10 ۲-‏۱۰ 
 []


Overfull \hbox (112.75917pt too wide) detected at line 49
\TU/XBZar(0)/b/n/10 سوم: مروری بر پژوهش‌های پیشین 
 []


Overfull \hbox (58.35811pt too wide) detected at line 60
\TU/XBZar(0)/b/n/10 چهارم: توسعه مدل 
 []



[6]
Overfull \hbox (67.30669pt too wide) detected at line 124
\TU/XBZar(0)/b/n/10 پنجم: ارزیابی و نتایج 
 []

)
\tf@toc=\write3
\openout3 = `main_report.toc'.



[7] (main_report.lof
Overfull \hbox (0.43747pt too wide) detected at line 12
\TU/XBZar(0)/m/n/10 ۲-‏۱۰ 
 []


Overfull \hbox (0.43747pt too wide) detected at line 13
\TU/XBZar(0)/m/n/10 ۲-‏۱۱ 
 []


Overfull \hbox (0.43747pt too wide) detected at line 14
\TU/XBZar(0)/m/n/10 ۲-‏۱۲ 
 []


Overfull \hbox (0.43747pt too wide) detected at line 26
\TU/XBZar(0)/m/n/10 ۴-‏۱۱ 
 []


Overfull \hbox (0.43747pt too wide) detected at line 27
\TU/XBZar(0)/m/n/10 ۴-‏۱۰ 
 []


Overfull \hbox (0.43747pt too wide) detected at line 28
\TU/XBZar(0)/m/n/10 ۴-‏۱۳ 
 []


Overfull \hbox (0.43747pt too wide) detected at line 29
\TU/XBZar(0)/m/n/10 ۴-‏۱۲ 
 []


Overfull \hbox (0.43747pt too wide) detected at line 30
\TU/XBZar(0)/m/n/10 ۴-‏۱۴ 
 []

)
\tf@lof=\write4
\openout4 = `main_report.lof'.



[8

] (main_report.lot
Overfull \hbox (0.43747pt too wide) detected at line 16
\TU/XBZar(0)/m/n/10 ۴-‏۱۰ 
 []


Overfull \hbox (0.43747pt too wide) detected at line 17
\TU/XBZar(0)/m/n/10 ۴-‏۱۱ 
 []


Overfull \hbox (0.43747pt too wide) detected at line 18
\TU/XBZar(0)/m/n/10 ۴-‏۱۲ 
 []


Overfull \hbox (0.43747pt too wide) detected at line 19
\TU/XBZar(0)/m/n/10 ۴-‏۱۳ 
 []


Overfull \hbox (0.43747pt too wide) detected at line 20
\TU/XBZar(0)/m/n/10 ۴-‏۱۴ 
 []


Overfull \hbox (0.43747pt too wide) detected at line 21
\TU/XBZar(0)/m/n/10 ۴-‏۱۵ 
 []


Overfull \hbox (0.43747pt too wide) detected at line 22
\TU/XBZar(0)/m/n/10 ۴-‏۱۶ 
 []


Overfull \hbox (0.43747pt too wide) detected at line 23
\TU/XBZar(0)/m/n/10 ۴-‏۱۷ 
 []


Overfull \hbox (0.43747pt too wide) detected at line 24
\TU/XBZar(0)/m/n/10 ۴-‏۱۸ 
 []


Overfull \hbox (0.43747pt too wide) detected at line 25
\TU/XBZar(0)/m/n/10 ۴-‏۱۹ 
 []


Overfull \hbox (0.43747pt too wide) detected at line 26
\TU/XBZar(0)/m/n/10 ۴-‏۲۰ 
 []


Overfull \hbox (0.43747pt too wide) detected at line 27
\TU/XBZar(0)/m/n/10 ۴-‏۲۱ 
 []


Overfull \hbox (0.43747pt too wide) detected at line 28
\TU/XBZar(0)/m/n/10 ۴-‏۲۲ 
 []


Overfull \hbox (0.43747pt too wide) detected at line 29
\TU/XBZar(0)/m/n/10 ۴-‏۲۳ 
 []


Overfull \hbox (0.43747pt too wide) detected at line 30
\TU/XBZar(0)/m/n/10 ۴-‏۲۴ 
 []


Overfull \hbox (0.43747pt too wide) detected at line 31
\TU/XBZar(0)/m/n/10 ۴-‏۲۵ 
 []


Overfull \hbox (0.43747pt too wide) detected at line 32
\TU/XBZar(0)/m/n/10 ۴-‏۲۶ 
 []



[9

]
Overfull \hbox (0.43747pt too wide) detected at line 33
\TU/XBZar(0)/m/n/10 ۴-‏۲۷ 
 []


Overfull \hbox (0.43747pt too wide) detected at line 34
\TU/XBZar(0)/m/n/10 ۴-‏۲۸ 
 []


Overfull \hbox (0.43747pt too wide) detected at line 35
\TU/XBZar(0)/m/n/10 ۴-‏۲۹ 
 []


Overfull \hbox (0.43747pt too wide) detected at line 36
\TU/XBZar(0)/m/n/10 ۴-‏۳۰ 
 []


Overfull \hbox (0.43747pt too wide) detected at line 37
\TU/XBZar(0)/m/n/10 ۴-‏۳۱ 
 []

)
\tf@lot=\write5
\openout5 = `main_report.lot'.



[10])
\openout2 = `abstract.aux'.

 (abstract.tex
*geometry* verbose mode - [ newgeometry ] result:
* driver: xetex
* paper: a4paper
* layout: <same size as paper>
* layoutoffset:(h,v)=(0.0pt,0.0pt)
* modes: 
* h-part:(L,W,R)=(71.13188pt, 441.01773pt, 85.35826pt)
* v-part:(T,H,B)=(85.35826pt, 688.5567pt, 71.13188pt)
* \paperwidth=597.50787pt
* \paperheight=845.04684pt
* \textwidth=441.01773pt
* \textheight=688.5567pt
* \oddsidemargin=-1.1381pt
* \evensidemargin=-1.1381pt
* \topmargin=-27.36447pt
* \headheight=12.0pt
* \headsep=28.45274pt
* \topskip=10.0pt
* \footskip=30.0pt
* \marginparwidth=57.0pt
* \marginparsep=11.0pt
* \columnsep=10.0pt
* \skip\footins=14.22636pt
* \hoffset=0.0pt
* \voffset=0.0pt
* \mag=1000
* \@twocolumnfalse
* \@twosidefalse
* \@mparswitchfalse
* \@reversemarginfalse
* (1in=72.27pt=25.4mm, 1cm=28.453pt)



LaTeX Font Warning: Font shape `TU/XBZar(0)/m/sc' undefined
(Font)              using `TU/XBZar(0)/m/n' instead on input line 14.


LaTeX Font Warning: Font shape `TU/XBZar(0)/b/sc' undefined
(Font)              using `TU/XBZar(0)/b/n' instead on input line 14.


LaTeX Warning: Reference `footdir@43' on page 1 undefined on input line 24.


LaTeX Warning: Reference `footdir@44' on page 1 undefined on input line 24.



[1



]

LaTeX Warning: Reference `footdir@46' on page 2 undefined on input line 33.


LaTeX Warning: Reference `footdir@47' on page 2 undefined on input line 33.

)

[2
\zref@newlabel{footdir@43}{\abspage{12}}
\zref@newlabel{zref@122}{\abspage{12}\page{2}\pagevalue{2}}
\zref@newlabel{footdir@46}{\abspage{12}}
\zref@newlabel{zref@123}{\abspage{12}\page{2}\pagevalue{2}}
\zref@newlabel{footdir@44}{\abspage{12}}
\zref@newlabel{footdir@47}{\abspage{12}}
]
*geometry* verbose mode - [ newgeometry ] result:
* driver: xetex
* paper: a4paper
* layout: <same size as paper>
* layoutoffset:(h,v)=(0.0pt,0.0pt)
* modes: 
* h-part:(L,W,R)=(71.13188pt, 441.01773pt, 85.35826pt)
* v-part:(T,H,B)=(85.35826pt, 688.5567pt, 71.13188pt)
* \paperwidth=597.50787pt
* \paperheight=845.04684pt
* \textwidth=441.01773pt
* \textheight=688.5567pt
* \oddsidemargin=-1.1381pt
* \evensidemargin=-1.1381pt
* \topmargin=-27.36447pt
* \headheight=12.0pt
* \headsep=28.45274pt
* \topskip=10.0pt
* \footskip=30.0pt
* \marginparwidth=57.0pt
* \marginparsep=11.0pt
* \columnsep=10.0pt
* \skip\footins=14.22636pt
* \hoffset=0.0pt
* \voffset=0.0pt
* \mag=1000
* \@twocolumnfalse
* \@twosidefalse
* \@mparswitchfalse
* \@reversemarginfalse
* (1in=72.27pt=25.4mm, 1cm=28.453pt)

LaTeX Info: Redefining \persianfont on input line 35.

Package fontspec Info: 
(fontspec)             Font family 'TimesNewRoman(0)' created for font 'Times
(fontspec)             New Roman' with options [Ligatures=TeX].
(fontspec)              
(fontspec)              This font family consists of the following NFSS
(fontspec)             series/shapes:
(fontspec)              
(fontspec)             - 'normal' (m/n) with NFSS spec.: <->"Times New
(fontspec)             Roman/OT:script=latn;language=dflt;mapping=tex-text;"
(fontspec)             - 'small caps'  (m/sc) with NFSS spec.: <->"Times New
(fontspec)             Roman/OT:script=latn;language=dflt;+smcp;mapping=tex-tex
t;"
(fontspec)             - 'bold' (b/n) with NFSS spec.: <->"Times New
(fontspec)             Roman/B/OT:script=latn;language=dflt;mapping=tex-text;"
(fontspec)             - 'bold small caps'  (b/sc) with NFSS spec.: <->"Times
(fontspec)             New
(fontspec)             Roman/B/OT:script=latn;language=dflt;+smcp;mapping=tex-t
ext;"
(fontspec)             - 'italic' (m/it) with NFSS spec.: <->"Times New
(fontspec)             Roman/I/OT:script=latn;language=dflt;mapping=tex-text;"
(fontspec)             - 'italic small caps'  (m/scit) with NFSS spec.:
(fontspec)             <->"Times New
(fontspec)             Roman/I/OT:script=latn;language=dflt;+smcp;mapping=tex-t
ext;"
(fontspec)             - 'bold italic' (b/it) with NFSS spec.: <->"Times New
(fontspec)             Roman/BI/OT:script=latn;language=dflt;mapping=tex-text;"

(fontspec)             - 'bold italic small caps'  (b/scit) with NFSS spec.:
(fontspec)             <->"Times New
(fontspec)             Roman/BI/OT:script=latn;language=dflt;+smcp;mapping=tex-
text;"

LaTeX Info: Redefining \latinfont on input line 36.
\openout2 = `chap1.aux'.

 (chap1.tex
فصل 1.


[3



]
LaTeX Font Info:    Calculating math sizes for size <11> on input line 13.


LaTeX Font Warning: Font shape `OT1/cmr/m/n' in size <5.5> not available
(Font)              size <5> substituted on input line 13.


LaTeX Font Warning: Font shape `OML/cmm/m/it' in size <5.5> not available
(Font)              size <5> substituted on input line 13.


LaTeX Font Warning: Font shape `OMS/cmsy/m/n' in size <5.5> not available
(Font)              size <5> substituted on input line 13.



LaTeX Font Info:    Font shape `TU/XBZar(0)/m/sl' in size <10> not available
(Font)              Font shape `TU/XBZar(0)/m/it' tried instead on input line 1
7.
[4])

[5]
\openout2 = `chap2.aux'.

 (chap2.tex
فصل 2.


[6




]

[7]
File: images/overfitting_2.png Graphic file (type bmp)
<images/overfitting_2.png>

Overfull \hbox (7.0057pt too wide) in paragraph at lines 73--74
[][]\TU/XBZar(0)/m/sc/12 برای کنترل این پدیده‌ها، می‌توان از روش‌هایی مانند است
فاده از داده‌های اعتبارسنجی برای ارزیابی تعمیم‌پذیری،[]
 []



[8]
File: images/gradient_process.png Graphic file (type bmp)
<images/gradient_process.png>


[9]
File: images/learning_rate.jpg Graphic file (type bmp)
<images/learning_rate.jpg>
File: images/local_minima.png Graphic file (type bmp)
<images/local_minima.png>


[10]
Overfull \hbox (16.67558pt too wide) in paragraph at lines 133--134
[]\TU/XBZar(0)/m/sc/12 انواع مختلف نزول گرادیان، از جمله نزول گرادیان ساده[][][
]، نزول گرادیان تصادفی[][][]، و نزول گرادیان کوچک‌دسته‌ای[][][]،[]
 []


Overfull \hbox (24.20831pt too wide) in paragraph at lines 139--158
 [][][][] 
 []



[11]

[12]

[13]

LaTeX Font Warning: Font shape `OT1/cmr/bx/n' in size <5.5> not available
(Font)              size <5> substituted on input line 220.


LaTeX Font Warning: Font shape `OML/cmm/b/it' in size <5.5> not available
(Font)              size <5> substituted on input line 220.


LaTeX Font Warning: Font shape `OMS/cmsy/b/n' in size <5.5> not available
(Font)              size <5> substituted on input line 220.



[14]

[15]

[16]

[17]
File: images/SVR_SVM.png Graphic file (type bmp)
<images/SVR_SVM.png>


LaTeX Warning: `h' float specifier changed to `ht'.



[18]

[19]
File: images/svr_formula1.jpg Graphic file (type bmp)
<images/svr_formula1.jpg>


[20]
File: images/SVR_FORMULA2.png Graphic file (type bmp)
<images/SVR_FORMULA2.png>

Overfull \vbox (0.5248pt too high) has occurred while \output is active []



[21]
Overfull \hbox (52.95859pt too wide) in paragraph at lines 438--451
 [][][][] 
 []



[22]
File: images/xgboost.png Graphic file (type bmp)
<images/xgboost.png>


[23]

[24]
Overfull \hbox (1.07051pt too wide) in paragraph at lines 516--517
[][]\TU/XBZar(0)/b/sc/11 اعمال تقویت ترتیبی و درخت‌های متقارن: \TU/XBZar(0)/m/s
c/12 این دو سازوکار به مدل کمک می‌کنند تا با کاهش بیش‌برازش،[]
 []

File: images/catboost.jpg Graphic file (type bmp)
<images/catboost.jpg>


[25]

[26]

[27]
File: images/Types_of_neuralnetwork.jpg Graphic file (type bmp)
<images/Types_of_neuralnetwork.jpg>


[28]

[29]

[30]

[31]
File: images/MLP.png Graphic file (type bmp)
<images/MLP.png>


[32]

[33]
File: images/dnn.jpg Graphic file (type bmp)
<images/dnn.jpg>


[34]

[35]

[36]

[37]

[38]

[39])

[40]
\openout2 = `chap3.aux'.

 (chap3.tex
فصل 3.


[41




]
Overfull \hbox (0.95168pt too wide) in paragraph at lines 10--11
[]\TU/XBZar(0)/m/sc/12 نمونه‌های خون یا شیر (مانند اندازه‌گیری نشانگرهای متابول
یکی) استوار هستند [[]]. اگرچه این روش‌ها اطلاعات[]
 []



[42]

[43]
Overfull \hbox (1.01808pt too wide) in paragraph at lines 25--26
[]\TU/XBZar(0)/m/sc/12 روش‌های سنتی شدند. الگوریتم‌هایی نظیر درخت تصمیم، شبکه‌ه
ای عصبی مصنوعی، ماشین‌های بردار پشتیبانی،[]
 []



[44]

[45]

[46]

[47]
Overfull \hbox (1.23488pt too wide) in paragraph at lines 83--86
[]\TU/XBZar(0)/m/sc/12 عصبی مصنوعی، و مدل‌های ترکیبی را در پیش‌بینی دقیق تولید 
شیر نشان داده‌اند. این مدل‌ها قادرند با بهره‌گیری از[]
 []



[48])

[49]
\openout2 = `chap4.aux'.

 (chap4.tex
فصل 4.


[50




]
Overfull \hbox (27.13002pt too wide) in paragraph at lines 22--57
 [][][][] 
 []



[51]
File: images/tci_plot.png Graphic file (type bmp)
<images/tci_plot.png>


[52]
File: images/tci_histogram.png Graphic file (type bmp)
<images/tci_histogram.png>


[53]
File: images/fat_pro.png Graphic file (type bmp)
<images/fat_pro.png>


[54]

[55]
Overfull \hbox (32.60146pt too wide) in paragraph at lines 136--170
 [][][][] 
 []



[56]
Overfull \hbox (29.13693pt too wide) in paragraph at lines 191--232
 [][][][] 
 []



[57]

[58]

[59]
File: images/firstmilk.png Graphic file (type bmp)
<images/firstmilk.png>
File: images/firstmilkdays.png Graphic file (type bmp)
<images/firstmilkdays.png>
File: images/prelendays.png Graphic file (type bmp)
<images/prelendays.png>
File: images/drylendays.png Graphic file (type bmp)
<images/drylendays.png>
File: images/milkdays.png Graphic file (type bmp)
<images/milkdays.png>
File: images/grp.png Graphic file (type bmp)
<images/grp.png>
File: images/current_Milk305.png Graphic file (type bmp)
<images/current_Milk305.png>
File: images/previous_Milk305.png Graphic file (type bmp)
<images/previous_Milk305.png>


[60]
File: images/firstmilk_previous.png Graphic file (type bmp)
<images/firstmilk_previous.png>
File: images/SCS_305.png Graphic file (type bmp)
<images/SCS_305.png>


[61]
Overfull \hbox (1.48488pt too wide) in paragraph at lines 393--394
[]\TU/XBZar(0)/m/sc/12 شکل ۴-‏۱۴[] ماتریس همبستگی بین متغیرهای عددی مجموعه‌داده
 را نشان می‌دهد. برای محاسبه این همبستگی‌ها[]
 []

File: images/correlation.png Graphic file (type bmp)
<images/correlation.png>


[62]

[63]

[64]

LaTeX Warning: Reference `footdir@405' on page 65 undefined on input line 501.


LaTeX Warning: Reference `footdir@407' on page 65 undefined on input line 502.


LaTeX Warning: Reference `footdir@409' on page 65 undefined on input line 503.


LaTeX Warning: Reference `footdir@411' on page 65 undefined on input line 504.


LaTeX Warning: Reference `footdir@413' on page 65 undefined on input line 505.


LaTeX Warning: Reference `footdir@415' on page 65 undefined on input line 506.



[65]

[66]

[67]

[68]
Overfull \hbox (8.99203pt too wide) in paragraph at lines 714--715
[][]\TU/XBZar(0)/m/sc/12 بنابراین استفاده از اعتبارسنجی متقاطع ضمن فراهم کردن ا
رزیابی دقیق‌تر، اطمینان بیشتری نسبت به تعمیم‌پذیری[]
 []



[69]

[70]

[71]
Overfull \hbox (10.49635pt too wide) in paragraph at lines 834--835
[]\TU/XBZar(0)/m/sc/12 (\TU/XBZar(0)/m/it/11 C\TU/XBZar(0)/m/sc/12 ) با مقدار پ
یش‌فرض []\TU/TimesNewRoman(0)/m/n/11 ۰/۱[]\TU/XBZar(0)/m/sc/12 ، نرخ تلرانس (\T
U/XBZar(0)/m/it/11 epsilon\TU/XBZar(0)/m/sc/12 ) با مقدار پیش‌فرض []\TU/TimesNe
wRoman(0)/m/n/11 ۰/۱[]\TU/XBZar(0)/m/sc/12 ، و حداکثر تعداد تکرار (\TU/XBZar(0)
/m/it/11 max_iter\TU/XBZar(0)/m/sc/12 )[]
 []



[72]
Overfull \vbox (0.45071pt too high) has occurred while \output is active []



[73]

[74]
Overfull \hbox (7.6542pt too wide) in paragraph at lines 1014--1015
[][]\TU/TimesNewRoman(0)/m/it/11 ing_rate \TU/TimesNewRoman(0)/m/n/11 = [][]\TU
/XBZar(0)/m/sc/12 )، وزن حداقل فرزند ([]\TU/TimesNewRoman(0)/m/it/11 min_child_
weight \TU/TimesNewRoman(0)/m/n/11 = [][]\TU/XBZar(0)/m/sc/12 )، نمونه‌برداری (
[]\TU/TimesNewRoman(0)/m/it/11 subsample \TU/TimesNewRoman(0)/m/n/11 = [][]\TU/
XBZar(0)/m/sc/12 )، و نمونه‌برداری[]
 []



[75]

[76]

[77]

[78]

[79]

[80]

[81])

[82]
\openout2 = `chap5.aux'.

 (chap5.tex
فصل 5.


[83




]

[84]

[85]

[86]

[87]

[88])

[89]
\openout2 = `references.aux'.

 (references.tex

[90




]

[91])

[92] (main_report.aux (firstpages.aux) (abstract.aux) (chap1.aux) (chap2.aux)
(chap3.aux) (chap4.aux) (chap5.aux) (references.aux))
 ***********
LaTeX2e <2024-11-01> patch level 2
L3 programming layer <2025-04-29>
 ***********


LaTeX Font Warning: Size substitutions with differences
(Font)              up to 0.5pt have occurred.


LaTeX Font Warning: Some font shapes were not available, defaults substituted.


LaTeX Warning: There were undefined references.

 ) 
Here is how much of TeX's memory you used:
 17862 strings out of 405039
 429271 string characters out of 5499319
 857211 words of memory out of 5000000
 44113 multiletter control sequences out of 15000+600000
 640774 words of font info for 151 fonts, out of 8000000 for 9000
 1348 hyphenation exceptions out of 8191
 93i,22n,96p,1563b,522s stack positions out of 10000i,1000n,20000p,200000b,200000s

Output written on main_report.pdf (102 pages).
